Grid: 72 cells (+9 baseline evals), 22 workers, 10 eval seeds, eval=30000 steps.
[ 1/72    1%  elapsed 38:52  eta 45:59:54]  crossover/bear/xnes: 0.619 (2332.1s)
[ 2/72    2%  elapsed 39:12  eta 22:52:03]  crossover/neutral/xnes: 0.647 (2351.9s)
[ 3/72    4%  elapsed 39:14  eta 15:02:29]  crossover/bull/xnes: 1.300 (2353.9s)
[ 4/72    5%  elapsed 39:28  eta 11:10:58]  crossover/neutral/cma: 0.662 (2367.9s)
[ 5/72    6%  elapsed 39:51  eta 8:54:10]  crossover/bear/cma: 0.638 (2391.6s)
[ 6/72    8%  elapsed 40:23  eta 7:24:18]  crossover/bull/cma: 1.278 (2423.1s)
[ 7/72    9%  elapsed 41:08  eta 6:22:06]  crossover/bear/pso: 0.626 (2468.8s)
[ 8/72   11%  elapsed 41:16  eta 5:30:08]  crossover/neutral/gwo: 0.689 (2475.9s)
[ 9/72   12%  elapsed 41:22  eta 4:49:37]  crossover/neutral/pso: 0.710 (2482.3s)
[10/72   13%  elapsed 41:38  eta 4:18:12]  crossover/neutral/lshade: 0.634 (2498.6s)
[11/72   15%  elapsed 41:45  eta 3:51:31]  crossover/bull/pso: 1.277 (2504.6s)
[12/72   16%  elapsed 41:54  eta 3:29:34]  crossover/bull/de: 1.302 (2514.4s)
[13/72   18%  elapsed 42:01  eta 3:10:45]  crossover/bear/lshade: 0.624 (2521.6s)
[14/72   19%  elapsed 42:04  eta 2:54:17]  crossover/bear/de: 0.636 (2524.1s)
[15/72   20%  elapsed 42:04  eta 2:39:53]  crossover/neutral/de: 0.649 (2524.3s)
[16/72   22%  elapsed 42:51  eta 2:30:01]  crossover/bull/lshade: 1.284 (2571.6s)
[17/72   23%  elapsed 43:09  eta 2:19:36]  crossover/bull/gwo: 1.276 (2588.7s)
[18/72   25%  elapsed 1:16:21  eta 3:49:03]  crossover/neutral/abc: 0.676 (4581.0s)
[19/72   26%  elapsed 1:18:15  eta 3:38:18]  ema/bull/cma: 1.454 (2341.3s)
[20/72   27%  elapsed 1:19:17  eta 3:26:09]  ema/bull/xnes: 1.448 (2389.2s)
[21/72   29%  elapsed 1:19:42  eta 3:13:33]  crossover/neutral/acor: 0.639 (4782.0s)
[22/72   30%  elapsed 1:19:44  eta 3:01:13]  crossover/bear/acor: 0.647 (4784.1s)
[23/72   31%  elapsed 1:19:52  eta 2:50:10]  crossover/bear/gwo: 0.638 (2460.5s)
[24/72   33%  elapsed 1:20:09  eta 2:40:18]  ema/neutral/cma: 0.527 (2304.1s)
[25/72   34%  elapsed 1:20:34  eta 2:31:29]  ema/neutral/xnes: 0.507 (2319.8s)
[26/72   36%  elapsed 1:20:52  eta 2:23:05]  crossover/bull/abc: 1.306 (4852.5s)
[27/72   37%  elapsed 1:22:48  eta 2:18:01]  ema/bull/de: 1.438 (2577.0s)
[28/72   38%  elapsed 1:23:20  eta 2:10:57]  ema/bull/pso: 1.453 (2531.2s)
[29/72   40%  elapsed 1:23:26  eta 2:03:42]  ema/bull/lshade: 1.492 (2582.4s)
[30/72   41%  elapsed 1:23:30  eta 1:56:54]  ema/bull/gwo: 1.458 (2527.7s)
[31/72   43%  elapsed 1:23:34  eta 1:50:31]  crossover/bull/acor: 1.298 (5013.8s)
[32/72   44%  elapsed 1:23:56  eta 1:44:56]  ema/neutral/pso: 0.526 (2512.2s)
[33/72   45%  elapsed 1:24:08  eta 1:39:25]  ema/neutral/de: 0.525 (2526.2s)
[34/72   47%  elapsed 1:24:15  eta 1:34:10]  ema/neutral/lshade: 0.534 (2531.4s)
[35/72   48%  elapsed 1:25:39  eta 1:30:33]  ema/neutral/gwo: 0.500 (2550.4s)
[36/72   50%  elapsed 1:56:38  eta 1:56:38]  ema/bear/cma: 0.346 (2302.5s)
[37/72   51%  elapsed 1:57:09  eta 1:50:49]  crossover/bear/abc: 0.640 (4677.5s)
[38/72   52%  elapsed 1:58:52  eta 1:46:21]  ema/bear/xnes: 0.353 (2374.5s)
[39/72   54%  elapsed 2:00:54  eta 1:42:18]  ema/bear/de: 0.364 (2472.1s)
[40/72   55%  elapsed 2:00:57  eta 1:36:46]  ema/bear/lshade: 0.351 (2473.5s)
[41/72   56%  elapsed 2:01:14  eta 1:31:39]  ema/bull/abc: 1.434 (4775.0s)
[42/72   58%  elapsed 2:01:16  eta 1:26:37]  ema/bear/pso: 0.352 (2483.4s)
[43/72   59%  elapsed 2:01:36  eta 1:22:00]  ema/bear/gwo: 0.368 (2461.6s)
[44/72   61%  elapsed 2:02:53  eta 1:18:11]  ema/bull/acor: 1.449 (4896.8s)
[45/72   62%  elapsed 2:02:57  eta 1:13:46]  hmm/bull/xnes: 1.066 (2376.8s)
[46/72   63%  elapsed 2:03:09  eta 1:09:36]  hmm/bull/cma: 1.076 (2420.7s)
[47/72   65%  elapsed 2:05:07  eta 1:06:33]  ema/neutral/acor: 0.501 (4935.4s)
[48/72   66%  elapsed 2:05:46  eta 1:02:53]  hmm/neutral/cma: 2.138 (2406.4s)
[49/72   68%  elapsed 2:05:51  eta 59:04]  hmm/bull/lshade: 1.067 (2540.4s)
[50/72   69%  elapsed 2:06:16  eta 55:33]  hmm/bull/de: 1.066 (2570.1s)
[51/72   70%  elapsed 2:06:46  eta 52:12]  hmm/bull/pso: 1.067 (2592.0s)
[52/72   72%  elapsed 2:06:57  eta 48:49]  hmm/bull/gwo: 1.066 (2568.7s)
[53/72   73%  elapsed 2:32:08  eta 54:32]  ema/neutral/abc: 0.516 (4547.3s)
[54/72   75%  elapsed 2:33:18  eta 51:06]  hmm/neutral/xnes: 2.144 (2200.0s)
[55/72   76%  elapsed 2:36:26  eta 48:21]  hmm/neutral/de: 2.158 (2356.9s)
[56/72   77%  elapsed 2:36:50  eta 44:48]  ema/bear/acor: 0.368 (4601.6s)
[57/72   79%  elapsed 2:37:40  eta 41:29]  hmm/bear/cma: 0.055 (2163.6s)
[58/72   80%  elapsed 2:38:11  eta 38:11]  hmm/neutral/lshade: 2.165 (2359.2s)
[59/72   81%  elapsed 2:38:17  eta 34:52]  ema/bear/abc: 0.373 (4644.9s)
[60/72   83%  elapsed 2:38:47  eta 31:45]  hmm/bear/xnes: 0.054 (2154.2s)
[61/72   84%  elapsed 2:39:10  eta 28:42]  hmm/neutral/pso: 2.172 (2296.2s)
[62/72   86%  elapsed 2:39:35  eta 25:44]  hmm/neutral/gwo: 2.169 (2301.6s)
[63/72   87%  elapsed 2:40:17  eta 22:53]  hmm/bull/abc: 1.101 (4561.1s)
[64/72   88%  elapsed 2:40:49  eta 20:06]  hmm/bear/de: 0.061 (2272.6s)
[65/72   90%  elapsed 2:41:10  eta 17:21]  hmm/bear/lshade: 0.054 (2280.3s)
[66/72   91%  elapsed 2:41:59  eta 14:43]  hmm/bull/acor: 1.101 (4682.2s)
[67/72   93%  elapsed 2:42:43  eta 12:08]  hmm/bear/pso: 0.077 (2255.8s)
[68/72   94%  elapsed 2:43:12  eta 9:36]  hmm/bear/gwo: 0.055 (2240.9s)
[69/72   95%  elapsed 3:03:10  eta 7:57]  hmm/neutral/abc: 2.162 (3714.5s)
[70/72   97%  elapsed 3:04:41  eta 5:16]  hmm/neutral/acor: 2.153 (3823.7s)
[71/72   98%  elapsed 3:06:24  eta 2:37]  hmm/bear/abc: 0.055 (3607.7s)
[72/72  100%  elapsed 3:07:58  eta 0:00]  hmm/bear/acor: 0.055 (3732.3s)

Baselines: 9 (detector, regime) combos...
[ 1/9  elapsed 4:22]  baseline hmm/bear
[ 2/9  elapsed 4:22]  baseline ema/bear
[ 3/9  elapsed 4:23]  baseline crossover/bear
[ 4/9  elapsed 4:23]  baseline crossover/neutral
[ 5/9  elapsed 4:24]  baseline ema/neutral
[ 6/9  elapsed 4:26]  baseline hmm/neutral
[ 7/9  elapsed 4:26]  baseline crossover/bull
[ 8/9  elapsed 4:27]  baseline ema/bull
[ 9/9  elapsed 4:27]  baseline hmm/bull

Wrote result CSVs to /home/alann/finance_research/ESG_Adaptive_RL/results (tag='full')
Total wall time: 3:12:25
